---
source: crates/catalog/hadoop/tests/hadoop_catalog_test.rs
expression: snapshot_content
---
+----+------+
| id | name |
+----+------+
| 5  | foo  |
| 6  | bar  |
+----+------+
